[kaffa.like-themes.com/home-coffee-shop/index.html]
[backblue.gif]
[fade.gif]
[index.html]
[kaffa.like-themes.com/wp-content/uploads/2019/06/inner_header_02.jpg]
[kaffa.like-themes.com/wp-includes/js/jquery/jquery4a5f.js]
[kaffa.like-themes.com/wp-includes/js/jquery/jquery-migrate.min330a.js]
[kaffa.like-themes.com/wp-content/plugins/lte-ext/assets/js/jquery.paroller6dbf.js]
[kaffa.like-themes.com/wp-content/themes/kaffa/assets/js/modernizr-2.6.2.min61da.js]
[kaffa.like-themes.com/wp-content/uploads/2019/06/cropped-favicon-100x100.png]
[kaffa.like-themes.com/wp-content/uploads/2019/06/cropped-favicon-300x300.png]
[kaffa.like-themes.com/wp-content/uploads/2019/06/kaffa_logo_light_1x.png]
[kaffa.like-themes.com/wp-content/uploads/2019/06/kaffa_logo_dark_1x.png]
[kaffa.like-themes.com/wp-content/uploads/2019/06/slogan_01.png]
[kaffa.like-themes.com/wp-content/uploads/2019/06/slogan_02.png]
[kaffa.like-themes.com/wp-content/uploads/2019/06/slogan_03.png]
[kaffa.like-themes.com/wp-content/uploads/2019/06/type_01.jpg]
[kaffa.like-themes.com/wp-content/uploads/2019/06/type_02.jpg]
[kaffa.like-themes.com/wp-content/uploads/2019/06/type_03.jpg]
[kaffa.like-themes.com/wp-content/uploads/2019/06/01-1-110x110.png]
[kaffa.like-themes.com/wp-content/uploads/2019/06/02-1-110x110.png]
[kaffa.like-themes.com/wp-content/uploads/2019/06/03-1-110x110.png]
[kaffa.like-themes.com/wp-content/uploads/2019/06/04-1-110x110.png]
[kaffa.like-themes.com/wp-content/uploads/2019/06/05-1-110x110.png]
[kaffa.like-themes.com/wp-content/uploads/2019/06/06-1-110x110.png]
[kaffa.like-themes.com/wp-content/uploads/2019/06/07-110x110.png]
[kaffa.like-themes.com/wp-content/uploads/2019/06/08-110x110.png]
[kaffa.like-themes.com/wp-content/uploads/2019/06/interior_01.jpg]
[kaffa.like-themes.com/wp-content/uploads/2019/06/interior_03.jpg]
[kaffa.like-themes.com/wp-content/uploads/2019/06/interior_02.jpg]
[kaffa.like-themes.com/wp-content/uploads/2019/06/interior_04.jpg]
[kaffa.like-themes.com/wp-content/uploads/2020/07/black-leaf-1.png]
[kaffa.like-themes.com/wp-content/uploads/2020/07/black-leaf-2.png]
[kaffa.like-themes.com/wp-content/uploads/2020/07/black-leaf-3.png]
[kaffa.like-themes.com/wp-content/uploads/2020/07/black-coffee.png]
[kaffa.like-themes.com/wp-content/uploads/2020/07/black-machine.png]
[kaffa.like-themes.com/wp-content/uploads/2019/06/product-black-02-480x682.jpg]
[kaffa.like-themes.com/home-coffee-shop/index8d92.html]
[kaffa.like-themes.com/wp-content/uploads/2019/06/product-black-07-480x682.jpg]
[kaffa.like-themes.com/home-coffee-shop/index2f0e.html]
[kaffa.like-themes.com/wp-content/uploads/2019/06/product-black-06-480x682.jpg]
[kaffa.like-themes.com/home-coffee-shop/indexc978.html]
[kaffa.like-themes.com/wp-content/uploads/2019/06/product-black-08-480x682.jpg]
[kaffa.like-themes.com/home-coffee-shop/index7b18.html]
[kaffa.like-themes.com/wp-content/uploads/2019/06/product-black-03-480x682.jpg]
[kaffa.like-themes.com/home-coffee-shop/index9ee3.html]
[kaffa.like-themes.com/wp-content/uploads/2019/06/product-black-05-480x682.jpg]
[kaffa.like-themes.com/home-coffee-shop/indexea27.html]
[kaffa.like-themes.com/wp-content/uploads/2019/06/product-black-04-480x682.jpg]
[kaffa.like-themes.com/home-coffee-shop/index21fd.html]
[kaffa.like-themes.com/wp-content/uploads/2019/06/product-black-13-480x682.jpg]
[kaffa.like-themes.com/home-coffee-shop/index7905.html]
[kaffa.like-themes.com/wp-content/uploads/2019/06/product-black-12-480x682.jpg]
[kaffa.like-themes.com/home-coffee-shop/indexd13a.html]
[kaffa.like-themes.com/wp-content/plugins/lt-custom/images/icon.png]
[kaffa.like-themes.com/wp-content/plugins/contact-form-7/includes/js/scripts38c6.js]
[kaffa.like-themes.com/wp-content/plugins/lt-custom/js/colorpicker5152.js]
[kaffa.like-themes.com/wp-content/plugins/lt-custom/js/lt-custom5152.js]
[kaffa.like-themes.com/wp-content/plugins/woocommerce/assets/js/jquery-blockui/jquery.blockUI.min44fd.js]
[kaffa.like-themes.com/wp-content/plugins/woocommerce/assets/js/frontend/add-to-cart.mind19b.js]
[kaffa.like-themes.com/wp-content/plugins/woocommerce/assets/js/js-cookie/js.cookie.min6b25.js]
[kaffa.like-themes.com/wp-content/plugins/woocommerce/assets/js/frontend/woocommerce.mind19b.js]
[kaffa.like-themes.com/wp-content/plugins/woocommerce/assets/js/frontend/cart-fragments.mind19b.js]
[kaffa.like-themes.com/wp-includes/js/imagesloaded.min55a0.js]
[kaffa.like-themes.com/wp-includes/js/masonry.mind617.js]
[kaffa.like-themes.com/wp-includes/js/jquery/jquery.masonry.minef70.js]
[kaffa.like-themes.com/wp-content/themes/kaffa/assets/js/jquery.matchHeighte789.js]
[kaffa.like-themes.com/wp-content/themes/kaffa/assets/js/jquery.nicescroll9b73.js]
[kaffa.like-themes.com/wp-content/themes/kaffa/assets/js/bootstrap.mina352.js]
[kaffa.like-themes.com/wp-content/themes/kaffa/assets/js/scrollreveal7984.js]
[kaffa.like-themes.com/wp-content/themes/kaffa/assets/js/waypoint1f22.js]
[kaffa.like-themes.com/wp-content/themes/kaffa/assets/js/parallax.minc358.js]
[kaffa.like-themes.com/wp-content/themes/kaffa/assets/js/scriptsc358.js]
[kaffa.like-themes.com/wp-content/themes/kaffa/assets/js/map-style8a54.js]
[kaffa.like-themes.com/wp-content/themes/kaffa/assets/js/jquery.magnific-popupf488.js]
[kaffa.like-themes.com/wp-includes/js/wp-embed.mine789.js]
[kaffa.like-themes.com/wp-content/plugins/lte-ext/elementor/shortcodes/zoomslider/jquery.zoomslider.js]
[kaffa.like-themes.com/wp-content/plugins/elementor/assets/lib/swiper/swiper.min48f5.js]
[kaffa.like-themes.com/wp-content/plugins/lte-ext/assets/js/frontend3ba1.js]
[kaffa.like-themes.com/wp-content/plugins/lte-ext/elementor/shortcodes/slide-background/anime.min.js]
[kaffa.like-themes.com/wp-content/plugins/lte-ext/elementor/shortcodes/slide-background/jquery.slide_background.js]
[kaffa.like-themes.com/wp-content/plugins/mailchimp-for-wp/assets/js/forms.mine049.js]
[kaffa.like-themes.com/wp-content/plugins/elementor/assets/js/frontend-modules.min5fac.js]
[kaffa.like-themes.com/wp-includes/js/jquery/ui/position.mine899.js]
[kaffa.like-themes.com/wp-content/plugins/elementor/assets/lib/dialog/dialog.minae9e.js]
[kaffa.like-themes.com/wp-content/plugins/elementor/assets/lib/waypoints/waypoints.min05da.js]
[kaffa.like-themes.com/wp-content/plugins/elementor/assets/lib/share-link/share-link.min5fac.js]
[kaffa.like-themes.com/wp-content/plugins/elementor/assets/js/frontend.min5fac.js]
[kaffa.like-themes.com/home-coffee-shop/index.html]
[kaffa.like-themes.com/wp-includes/css/dist/block-library/style.mine789.css]
[kaffa.like-themes.com/wp-includes/css/dist/block-library/theme.mine789.css]
[kaffa.like-themes.com/wp-content/plugins/woocommerce/packages/woocommerce-blocks/build/style60a8.css]
[kaffa.like-themes.com/wp-content/plugins/contact-form-7/images/ajax-loader.gif]
[kaffa.like-themes.com/wp-content/plugins/contact-form-7/includes/css/styles38c6.css]
[kaffa.like-themes.com/wp-content/plugins/lt-custom/css/lt-custom5152.css]
[kaffa.like-themes.com/wp-content/plugins/lt-custom/images/colorpicker_background.png]
[kaffa.like-themes.com/wp-content/plugins/lt-custom/images/colorpicker_overlay.png]
[kaffa.like-themes.com/wp-content/plugins/lt-custom/images/colorpicker_select.gif]
[kaffa.like-themes.com/wp-content/plugins/lt-custom/images/colorpicker_indic.gif]
[kaffa.like-themes.com/wp-content/plugins/lt-custom/images/colorpicker_hex.png]
[kaffa.like-themes.com/wp-content/plugins/lt-custom/images/colorpicker_rgb_r.png]
[kaffa.like-themes.com/wp-content/plugins/lt-custom/images/colorpicker_rgb_g.png]
[kaffa.like-themes.com/wp-content/plugins/lt-custom/images/colorpicker_rgb_b.png]
[kaffa.like-themes.com/wp-content/plugins/lt-custom/images/colorpicker_hsb_h.png]
[kaffa.like-themes.com/wp-content/plugins/lt-custom/images/colorpicker_hsb_s.png]
[kaffa.like-themes.com/wp-content/plugins/lt-custom/images/colorpicker_hsb_b.png]
[kaffa.like-themes.com/wp-content/plugins/lt-custom/images/colorpicker_submit.png]
[kaffa.like-themes.com/wp-content/plugins/lt-custom/css/colorpicker5152.css]
[kaffa.like-themes.com/wp-includes/css/dashicons.mine789.css]
[kaffa.like-themes.com/wp-content/plugins/post-views-counter/css/frontend9e1e.css]
[kaffa.like-themes.com/wp-content/plugins/woocommerce/assets/css/woocommerce-layoutd19b.css]
[kaffa.like-themes.com/wp-content/plugins/woocommerce/assets/css/woocommerce-smallscreend19b.css]
[kaffa.like-themes.com/wp-content/plugins/woocommerce/assets/css/woocommerced19b.css]
[kaffa.like-themes.com/wp-content/themes/kaffa/assets/css/bootstrap-grid5152.css]
[kaffa.like-themes.com/wp-content/themes/kaffa/assets/images/swipebox/loader.gif]
[kaffa.like-themes.com/wp-content/themes/kaffa/assets/images/swipebox/icons.png]
[kaffa.like-themes.com/wp-content/themes/kaffa/assets/css/pluginsc358.css]
[kaffa.like-themes.com/wp-content/themes/kaffa/assets/fonts/lte-font99a5.eot]
[kaffa.like-themes.com/wp-content/themes/kaffa/assets/fonts/lte-font99a5.woff]
[kaffa.like-themes.com/wp-content/themes/kaffa/assets/fonts/lte-font99a5.ttf]
[kaffa.like-themes.com/wp-content/themes/kaffa/assets/images/video-play.png]
[kaffa.like-themes.com/wp-content/themes/kaffa/assets/images/video-play-big.png]
[kaffa.like-themes.com/wp-content/themes/kaffa/assets/images/price-label-red.png]
[kaffa.like-themes.com/wp-content/themes/kaffa/assets/images/overlay-lines.png]
[kaffa.like-themes.com/wp-content/themes/kaffa/stylec358.css]
[kaffa.like-themes.com/wp-content/themes/kaffa/assets/fonts/font-awesome/css/all.minc358.css]
[kaffa.like-themes.com/wp-content/plugins/elementor/assets/lib/eicons/css/elementor-icons.min87e8.css]
[kaffa.like-themes.com/wp-content/plugins/elementor/assets/lib/animations/animations.min5fac.css]
[kaffa.like-themes.com/wp-content/uploads/elementor/css/custom-frontend.min1664.css]
[kaffa.like-themes.com/wp-content/uploads/elementor/css/global517e.css]
[kaffa.like-themes.com/wp-content/uploads/2020/06/menu_parallax.jpg]
[kaffa.like-themes.com/wp-content/uploads/2020/07/menu-bg.png]
[kaffa.like-themes.com/wp-content/uploads/2020/07/black-bg.png]
[kaffa.like-themes.com/wp-content/uploads/2020/07/black-contact-girl-1.png]
[kaffa.like-themes.com/wp-content/uploads/2020/06/branch-bg.png]
[kaffa.like-themes.com/wp-content/uploads/2020/07/black-leaf.png]
[kaffa.like-themes.com/wp-content/uploads/2020/06/leaves_pattern_010.png]
[kaffa.like-themes.com/wp-content/uploads/2020/07/black-label.png]
[kaffa.like-themes.com/wp-content/uploads/elementor/css/post-15243162c.css]
[kaffa.like-themes.com/wp-content/themes/kaffa/assets/css/magnific-popupf488.css]
[kaffa.like-themes.com/wp-content/themes/kaffa/assets/fonts/font-awesome/css/v4-shims.minc358.css]
[kaffa.like-themes.com/wp-content/themes/kaffa/assets/fontello/lte-kaffa-codesc358.css]
[kaffa.like-themes.com/wp-content/plugins/elementor/assets/lib/font-awesome/css/fontawesome.minb683.css]
[kaffa.like-themes.com/wp-content/plugins/elementor/assets/lib/font-awesome/css/solid.minb683.css]
[kaffa.like-themes.com/home-coffee-shop/index8d92.html]
[kaffa.like-themes.com/home-coffee-shop/index2f0e.html]
[kaffa.like-themes.com/home-coffee-shop/indexc978.html]
[kaffa.like-themes.com/home-coffee-shop/index7b18.html]
[kaffa.like-themes.com/home-coffee-shop/index9ee3.html]
[kaffa.like-themes.com/home-coffee-shop/indexea27.html]
[kaffa.like-themes.com/home-coffee-shop/index21fd.html]
[kaffa.like-themes.com/home-coffee-shop/index7905.html]
[kaffa.like-themes.com/home-coffee-shop/indexd13a.html]
[kaffa.like-themes.com/wp-content/uploads/elementor/css/post-15325c35b.css]
[kaffa.like-themes.com/wp-content/uploads/elementor/css/post-15324c35b.css]
[kaffa.like-themes.com/wp-content/uploads/elementor/css/post-15248c35b.css]
[kaffa.like-themes.com/wp-content/plugins/lte-ext/elementor/shortcodes/zoomslider/zoom-slidere789.css]
[kaffa.like-themes.com/wp-content/themes/kaffa/assets/fonts/lte-font99a5.html]
[kaffa.like-themes.com/wp-content/themes/kaffa/assets/fonts/lte-font99a5.svg]
